[15:59:47] cc2026: 140 files (140 new), 23 workers
[16:01:07] cc2026 file: 1 9,592,339 words IN-20260807101845-20260807131845-00719.warc.wet.gz
[16:01:38] live backup cc2026 -> lexicore-20260914-cb17ed: VERIFIED
[16:01:51] live backup cc2026 -> lexicore-mirror-20260914-afecdd: VERIFIED
[16:02:00] cc2026 file: 2 19,572,497 words IN-20260807175542-20260807205542-00597.warc.wet.gz
[16:02:15] cc2026 file: 3 29,901,066 words IN-20260807101845-20260807131845-00000.warc.wet.gz
[16:02:21] cc2026 file: 4 40,143,509 words IN-20260809002508-20260809032508-00669.warc.wet.gz
[16:02:26] cc2026 file: 5 50,257,169 words IN-20260808090928-20260808120928-00633.warc.wet.gz
[16:02:33] cc2026 file: 6 60,047,353 words IN-20260808000048-20260808030048-00036.warc.wet.gz
[16:02:36] cc2026 file: 7 70,895,495 words IN-20260807205817-20260807235817-00317.warc.wet.gz
[16:02:38] live backup cc2026 -> lexicore-20260914-cb17ed: VERIFIED
[16:02:42] cc2026 file: 8 81,764,275 words IN-20260808212239-20260809002239-00230.warc.wet.gz
[16:02:46] live backup cc2026 -> lexicore-mirror-20260914-afecdd: VERIFIED
[16:02:48] cc2026 file: 9 91,760,542 words IN-20260808121302-20260808151302-00352.warc.wet.gz
[16:02:55] live backup cc2026 -> lexicore-20260914-cb17ed: VERIFIED
[16:02:55] cc2026 file: 10 101,825,610 words IN-20260808060658-20260808090658-00914.warc.wet.gz
[16:03:03] live backup cc2026 -> lexicore-20260914-cb17ed: VERIFIED
[16:03:04] live backup cc2026 -> lexicore-mirror-20260914-afecdd: VERIFIED
[16:03:04] cc2026 file: 11 111,668,441 words IN-20260807103001-20260807133001-00439.warc.wet.gz
[16:03:14] live backup cc2026 -> lexicore-mirror-20260914-afecdd: VERIFIED
[16:03:15] cc2026 file: 12 121,936,926 words IN-20260809032740-20260809062740-00388.warc.wet.gz
[16:03:24] live backup cc2026 -> lexicore-20260914-cb17ed: VERIFIED
[16:03:27] live backup cc2026 -> lexicore-20260914-cb17ed: VERIFIED
[16:03:27] cc2026 file: 13 132,025,599 words IN-20260808212239-20260809002239-00950.warc.wet.gz
[16:03:36] live backup cc2026 -> lexicore-mirror-20260914-afecdd: VERIFIED
[16:03:38] live backup cc2026 -> lexicore-mirror-20260914-afecdd: VERIFIED
[16:03:38] cc2026 file: 14 143,290,128 words IN-20260809063011-20260809093011-00108.warc.wet.gz
[16:03:43] live backup cc2026 -> lexicore-20260914-cb17ed: VERIFIED
[16:03:50] cc2026 file: 15 152,944,553 words IN-20260809093337-20260809123337-00547.warc.wet.gz
[16:03:58] live backup cc2026 -> lexicore-mirror-20260914-afecdd: VERIFIED
[16:04:01] live backup cc2026 -> lexicore-20260914-cb17ed: VERIFIED
[16:04:01] cc2026 file: 16 163,359,805 words IN-20260809123713-20260809153713-00266.warc.wet.gz
[16:04:12] live backup cc2026 -> lexicore-mirror-20260914-afecdd: VERIFIED
[16:04:12] live backup cc2026 -> lexicore-20260914-cb17ed: VERIFIED
[16:04:12] cc2026 file: 17 173,364,152 words IN-20260809184318-20260809214318-00424.warc.wet.gz
[16:04:21] live backup cc2026 -> lexicore-20260914-cb17ed: VERIFIED
[16:04:23] cc2026 file: 18 183,898,259 words IN-20260809214541-20260810004541-00144.warc.wet.gz
[16:04:24] live backup cc2026 -> lexicore-mirror-20260914-afecdd: VERIFIED
[16:04:33] live backup cc2026 -> lexicore-mirror-20260914-afecdd: VERIFIED
[16:04:33] live backup cc2026 -> lexicore-20260914-cb17ed: VERIFIED
[16:04:35] cc2026 file: 19 194,279,774 words IN-20260810004910-20260810034910-00583.warc.wet.gz
[16:04:44] live backup cc2026 -> lexicore-mirror-20260914-afecdd: VERIFIED
[16:04:44] live backup cc2026 -> lexicore-20260914-cb17ed: VERIFIED
[16:04:45] cc2026 file: 20 204,748,526 words IN-20260810035143-20260810065143-00302.warc.wet.gz
[16:04:54] live backup cc2026 -> lexicore-20260914-cb17ed: VERIFIED
[16:04:54] cc2026 file: 21 214,889,702 words IN-20260810065506-20260810095506-00021.warc.wet.gz
[16:04:56] live backup cc2026 -> lexicore-mirror-20260914-afecdd: VERIFIED
[16:05:03] live backup cc2026 -> lexicore-20260914-cb17ed: VERIFIED
[16:05:04] live backup cc2026 -> lexicore-mirror-20260914-afecdd: VERIFIED
[16:05:05] cc2026 file: 22 224,826,254 words IN-20260810065506-20260810095506-00741.warc.wet.gz
[16:05:14] live backup cc2026 -> lexicore-20260914-cb17ed: VERIFIED
[16:05:14] cc2026 file: 23 235,346,520 words IN-20260810130157-20260810160157-00899.warc.wet.gz
[16:05:16] live backup cc2026 -> lexicore-mirror-20260914-afecdd: VERIFIED
[16:05:24] cc2026 file: 24 245,516,559 words IN-20260810160426-20260810190426-00618.warc.wet.gz
[16:05:25] live backup cc2026 -> lexicore-20260914-cb17ed: VERIFIED
[16:05:30] live backup cc2026 -> lexicore-mirror-20260914-afecdd: VERIFIED
[16:05:34] live backup cc2026 -> lexicore-20260914-cb17ed: VERIFIED
[16:05:34] cc2026 file: 25 256,481,106 words IN-20260809154047-20260809184047-00705.warc.wet.gz
[16:05:43] live backup cc2026 -> lexicore-mirror-20260914-afecdd: VERIFIED
[16:05:45] live backup cc2026 -> lexicore-20260914-cb17ed: VERIFIED
[16:05:45] cc2026 file: 26 266,631,102 words IN-20260810221116-20260811011116-00057.warc.wet.gz
[16:05:56] live backup cc2026 -> lexicore-mirror-20260914-afecdd: VERIFIED
[16:05:56] cc2026 file: 27 276,830,157 words IN-20260810190756-20260810220756-00338.warc.wet.gz
[16:06:02] live backup cc2026 -> lexicore-mirror-20260914-afecdd: VERIFIED
[16:06:07] live backup cc2026 -> lexicore-20260914-cb17ed: VERIFIED
[16:06:07] cc2026 file: 28 287,162,647 words IN-20260811011751-20260811041751-00496.warc.wet.gz
[16:06:17] cc2026 file: 29 297,276,302 words IN-20260811042123-20260811072123-00216.warc.wet.gz
[16:06:19] live backup cc2026 -> lexicore-20260914-cb17ed: VERIFIED
[16:06:22] live backup cc2026 -> lexicore-mirror-20260914-afecdd: VERIFIED
[16:06:27] live backup cc2026 -> lexicore-20260914-cb17ed: VERIFIED
[16:06:28] cc2026 file: 30 307,379,460 words IN-20260809123713-20260809153713-00985.warc.wet.gz
[16:06:36] live backup cc2026 -> lexicore-mirror-20260914-afecdd: VERIFIED
[16:06:39] cc2026 file: 31 317,920,271 words IN-20260811042123-20260811072123-00935.warc.wet.gz
[16:06:42] live backup cc2026 -> lexicore-20260914-cb17ed: VERIFIED
[16:06:45] live backup cc2026 -> lexicore-mirror-20260914-afecdd: VERIFIED
[16:06:50] live backup cc2026 -> lexicore-20260914-cb17ed: VERIFIED
[16:06:50] cc2026 file: 32 327,850,083 words IN-20260811102717-20260811132717-00374.warc.wet.gz
[16:07:01] live backup cc2026 -> lexicore-mirror-20260914-afecdd: VERIFIED
[16:07:01] cc2026 file: 33 338,270,933 words IN-20260811132950-20260811162950-00093.warc.wet.gz
[16:07:07] live backup cc2026 -> lexicore-20260914-cb17ed: VERIFIED
[16:07:12] cc2026 file: 34 348,427,207 words IN-20260810221116-20260811011116-00777.warc.wet.gz
[16:07:16] live backup cc2026 -> lexicore-20260914-cb17ed: VERIFIED
[16:07:22] cc2026 file: 35 358,685,685 words IN-20260811163319-20260811193319-00532.warc.wet.gz
[16:07:22] live backup cc2026 -> lexicore-mirror-20260914-afecdd: VERIFIED
[16:07:34] live backup cc2026 -> lexicore-20260914-cb17ed: VERIFIED
[16:07:34] live backup cc2026 -> lexicore-mirror-20260914-afecdd: VERIFIED
[16:07:34] live backup cc2026 -> lexicore-mirror-20260914-afecdd: VERIFIED
[16:07:34] cc2026 file: 36 368,362,429 words IN-20260811193657-20260811223657-00971.warc.wet.gz
[16:07:44] cc2026 file: 37 379,723,849 words IN-20260811132950-20260811162950-00813.warc.wet.gz
[16:07:47] live backup cc2026 -> lexicore-20260914-cb17ed: VERIFIED
[16:07:52] live backup cc2026 -> lexicore-mirror-20260914-afecdd: VERIFIED
[16:07:54] live backup cc2026 -> lexicore-20260914-cb17ed: VERIFIED
[16:07:55] cc2026 file: 38 390,193,442 words IN-20260812014208-20260812044208-00410.warc.wet.gz
[16:07:57] live backup cc2026 -> lexicore-20260914-cb17ed: VERIFIED
[16:08:05] live backup cc2026 -> lexicore-mirror-20260914-afecdd: VERIFIED
[16:08:06] cc2026 file: 39 400,443,428 words IN-20260812044543-20260812074543-00129.warc.wet.gz
[16:08:06] live backup cc2026 -> lexicore-20260914-cb17ed: VERIFIED
[16:08:16] live backup cc2026 -> lexicore-mirror-20260914-afecdd: VERIFIED
[16:08:17] cc2026 file: 40 411,459,093 words IN-20260808151638-20260808181638-00791.warc.wet.gz
[16:08:21] live backup cc2026 -> lexicore-20260914-cb17ed: VERIFIED
[16:08:29] live backup cc2026 -> lexicore-mirror-20260914-afecdd: VERIFIED
[16:08:29] live backup cc2026 -> lexicore-mirror-20260914-afecdd: VERIFIED
[16:08:29] cc2026 file: 41 420,830,213 words IN-20260812074805-20260812104805-00568.warc.wet.gz
[16:08:35] live backup cc2026 -> lexicore-20260914-cb17ed: VERIFIED
[16:08:39] live backup cc2026 -> lexicore-mirror-20260914-afecdd: VERIFIED
[16:08:40] cc2026 file: 42 431,012,135 words IN-20260812105035-20260812135035-00287.warc.wet.gz
[16:08:44] live backup cc2026 -> lexicore-20260914-cb17ed: VERIFIED
[16:08:50] cc2026 file: 43 440,893,911 words IN-20260812135259-20260812165259-00007.warc.wet.gz
[16:08:55] live backup cc2026 -> lexicore-mirror-20260914-afecdd: VERIFIED
[16:09:01] cc2026 file: 44 451,317,209 words IN-20260812135259-20260812165259-00726.warc.wet.gz
[16:09:01] live backup cc2026 -> lexicore-mirror-20260914-afecdd: VERIFIED
[16:09:02] live backup cc2026 -> lexicore-20260914-cb17ed: VERIFIED
[16:09:12] live backup cc2026 -> lexicore-20260914-cb17ed: VERIFIED
[16:09:13] cc2026 file: 45 461,833,883 words IN-20260812165636-20260812195636-00446.warc.wet.gz
[16:09:15] live backup cc2026 -> lexicore-mirror-20260914-afecdd: VERIFIED
[16:09:25] live backup cc2026 -> lexicore-20260914-cb17ed: VERIFIED
[16:09:25] cc2026 file: 46 471,956,697 words IN-20260812200004-20260812230004-00165.warc.wet.gz
[16:09:30] live backup cc2026 -> lexicore-mirror-20260914-afecdd: VERIFIED
[16:09:35] cc2026 file: 47 482,178,527 words IN-20260812200004-20260812230004-00884.warc.wet.gz
[16:09:37] live backup cc2026 -> lexicore-20260914-cb17ed: VERIFIED
[16:09:46] live backup cc2026 -> lexicore-20260914-cb17ed: VERIFIED
[16:09:46] live backup cc2026 -> lexicore-mirror-20260914-afecdd: VERIFIED
[16:09:47] cc2026 file: 48 492,023,789 words IN-20260812230232-20260813020232-00604.warc.wet.gz
[16:09:48] live backup cc2026 -> lexicore-20260914-cb17ed: VERIFIED
[16:09:55] live backup cc2026 -> lexicore-mirror-20260914-afecdd: VERIFIED
[16:09:57] cc2026 file: 49 501,826,742 words IN-20260813020609-20260813050609-00323.warc.wet.gz
[16:10:01] live backup cc2026 -> lexicore-20260914-cb17ed: VERIFIED
[16:10:04] live backup cc2026 -> lexicore-mirror-20260914-afecdd: VERIFIED
[16:10:08] cc2026 file: 50 511,963,283 words IN-20260811223931-20260812013931-00690.warc.wet.gz
[16:10:08] live backup cc2026 -> lexicore-mirror-20260914-afecdd: VERIFIED
[16:10:09] live backup cc2026 -> lexicore-20260914-cb17ed: VERIFIED
[16:10:19] live backup cc2026 -> lexicore-20260914-cb17ed: VERIFIED
[16:10:19] live backup cc2026 -> lexicore-mirror-20260914-afecdd: VERIFIED
[16:10:21] live backup cc2026 -> lexicore-mirror-20260914-afecdd: VERIFIED
[16:10:21] cc2026 file: 51 521,533,031 words IN-20260812044543-20260812074543-00849.warc.wet.gz
[16:10:32] cc2026 file: 52 531,418,281 words IN-20260813081409-20260813111409-00482.warc.wet.gz
[16:10:32] live backup cc2026 -> lexicore-20260914-cb17ed: VERIFIED
[16:10:43] live backup cc2026 -> lexicore-mirror-20260914-afecdd: VERIFIED
[16:10:44] cc2026 file: 53 542,253,015 words IN-20260813111745-20260813141745-00201.warc.wet.gz
[16:10:47] live backup cc2026 -> lexicore-20260914-cb17ed: VERIFIED
[16:10:52] live backup cc2026 -> lexicore-mirror-20260914-afecdd: VERIFIED
[16:10:55] cc2026 file: 54 552,339,493 words IN-20260813111745-20260813141745-00920.warc.wet.gz
[16:10:57] live backup cc2026 -> lexicore-20260914-cb17ed: VERIFIED
[16:11:07] live backup cc2026 -> lexicore-20260914-cb17ed: VERIFIED
[16:11:07] live backup cc2026 -> lexicore-mirror-20260914-afecdd: VERIFIED
[16:11:08] cc2026 file: 55 563,707,281 words IN-20260813142326-20260813172326-00640.warc.wet.gz
[16:11:13] live backup cc2026 -> lexicore-mirror-20260914-afecdd: VERIFIED
[16:11:19] cc2026 file: 56 574,180,991 words IN-20260813202929-20260813232929-00079.warc.wet.gz
[16:11:21] live backup cc2026 -> lexicore-20260914-cb17ed: VERIFIED
[16:11:27] live backup cc2026 -> lexicore-mirror-20260914-afecdd: VERIFIED
[16:11:27] live backup cc2026 -> lexicore-20260914-cb17ed: VERIFIED
[16:11:30] cc2026 file: 57 583,866,631 words IN-20260813202929-20260813232929-00798.warc.wet.gz
[16:11:37] live backup cc2026 -> lexicore-20260914-cb17ed: VERIFIED
[16:11:41] live backup cc2026 -> lexicore-mirror-20260914-afecdd: VERIFIED
[16:11:41] cc2026 file: 58 593,640,136 words IN-20260813233259-20260814023259-00517.warc.wet.gz
[16:11:48] live backup cc2026 -> lexicore-mirror-20260914-afecdd: VERIFIED
[16:11:50] live backup cc2026 -> lexicore-20260914-cb17ed: VERIFIED
[16:11:53] live backup cc2026 -> lexicore-mirror-20260914-afecdd: VERIFIED
[16:11:54] cc2026 file: 59 603,983,194 words IN-20260814023636-20260814053636-00237.warc.wet.gz
[16:12:05] cc2026 file: 60 613,456,667 words IN-20260814023636-20260814053636-00956.warc.wet.gz
[16:12:07] live backup cc2026 -> lexicore-mirror-20260914-afecdd: VERIFIED
[16:12:12] live backup cc2026 -> lexicore-20260914-cb17ed: VERIFIED
[16:12:17] cc2026 file: 61 623,770,081 words IN-20260814053915-20260814083915-00676.warc.wet.gz
[16:12:25] live backup cc2026 -> lexicore-20260914-cb17ed: VERIFIED
[16:12:29] live backup cc2026 -> lexicore-mirror-20260914-afecdd: VERIFIED
[16:12:30] cc2026 file: 62 633,623,658 words IN-20260814084149-20260814114149-00395.warc.wet.gz
[16:12:40] live backup cc2026 -> lexicore-20260914-cb17ed: VERIFIED
[16:12:42] cc2026 file: 63 643,373,845 words IN-20260814114419-20260814144419-00115.warc.wet.gz
[16:12:43] live backup cc2026 -> lexicore-mirror-20260914-afecdd: VERIFIED
[16:12:52] live backup cc2026 -> lexicore-20260914-cb17ed: VERIFIED
[16:12:53] cc2026 file: 64 654,014,735 words IN-20260809063011-20260809093011-00827.warc.wet.gz
[16:12:57] live backup cc2026 -> lexicore-20260914-cb17ed: VERIFIED
[16:13:05] cc2026 file: 65 664,126,444 words IN-20260814144954-20260814174954-00553.warc.wet.gz
[16:13:05] live backup cc2026 -> lexicore-20260914-cb17ed: VERIFIED
[16:13:13] live backup cc2026 -> lexicore-mirror-20260914-afecdd: VERIFIED
[16:13:17] live backup cc2026 -> lexicore-mirror-20260914-afecdd: VERIFIED
[16:13:18] cc2026 file: 66 674,632,554 words IN-20260814175232-20260814205232-00273.warc.wet.gz
[16:13:22] live backup cc2026 -> lexicore-20260914-cb17ed: VERIFIED
[16:13:28] live backup cc2026 -> lexicore-mirror-20260914-afecdd: VERIFIED
[16:13:29] cc2026 file: 67 685,820,804 words IN-20260814175232-20260814205232-00992.warc.wet.gz
[16:13:34] live backup cc2026 -> lexicore-20260914-cb17ed: VERIFIED
[16:13:41] live backup cc2026 -> lexicore-mirror-20260914-afecdd: VERIFIED
[16:13:41] cc2026 file: 68 695,784,614 words IN-20260814205606-20260814235606-00712.warc.wet.gz
[16:13:53] live backup cc2026 -> lexicore-mirror-20260914-afecdd: VERIFIED
[16:13:54] live backup cc2026 -> lexicore-20260914-cb17ed: VERIFIED
[16:13:54] cc2026 file: 69 705,311,647 words IN-20260814235839-20260815025839-00431.warc.wet.gz
[16:13:54] live backup cc2026 -> lexicore-mirror-20260914-afecdd: VERIFIED
[16:14:01] live backup cc2026 -> lexicore-20260914-cb17ed: VERIFIED
[16:14:06] live backup cc2026 -> lexicore-20260914-cb17ed: VERIFIED
[16:14:07] cc2026 file: 70 715,904,848 words IN-20260815030115-20260815060115-00150.warc.wet.gz
[16:14:14] live backup cc2026 -> lexicore-mirror-20260914-afecdd: VERIFIED
[16:14:16] live backup cc2026 -> lexicore-20260914-cb17ed: VERIFIED
[16:14:20] cc2026 file: 71 725,959,340 words IN-20260815030115-20260815060115-00870.warc.wet.gz
[16:14:22] live backup cc2026 -> lexicore-mirror-20260914-afecdd: VERIFIED
[16:14:23] live backup cc2026 -> lexicore-20260914-cb17ed: VERIFIED
[16:14:26] live backup cc2026 -> lexicore-mirror-20260914-afecdd: VERIFIED
[16:14:32] live backup cc2026 -> lexicore-20260914-cb17ed: VERIFIED
[16:14:32] cc2026 file: 72 736,242,369 words IN-20260808060658-20260808090658-00194.warc.wet.gz
[16:14:44] live backup cc2026 -> lexicore-mirror-20260914-afecdd: VERIFIED
[16:14:44] cc2026 file: 73 746,872,416 words IN-20260815090613-20260815120613-00309.warc.wet.gz
[16:14:44] live backup cc2026 -> lexicore-20260914-cb17ed: VERIFIED
[16:14:54] live backup cc2026 -> lexicore-mirror-20260914-afecdd: VERIFIED
[16:14:56] cc2026 file: 74 756,990,717 words IN-20260807145234-20260807175234-00158.warc.wet.gz
[16:15:00] live backup cc2026 -> lexicore-20260914-cb17ed: VERIFIED
[16:15:08] live backup cc2026 -> lexicore-mirror-20260914-afecdd: VERIFIED
[16:15:09] cc2026 file: 75 767,592,188 words IN-20260815120940-20260815150940-00748.warc.wet.gz
[16:15:16] live backup cc2026 -> lexicore-20260914-cb17ed: VERIFIED
[16:15:21] live backup cc2026 -> lexicore-20260914-cb17ed: VERIFIED
[16:15:21] cc2026 file: 76 778,330,973 words IN-20260815151410-20260815181410-00467.warc.wet.gz
[16:15:22] live backup cc2026 -> lexicore-mirror-20260914-afecdd: VERIFIED
[16:15:28] live backup cc2026 -> lexicore-mirror-20260914-afecdd: VERIFIED
[16:15:34] cc2026 file: 77 788,804,764 words IN-20260815181639-20260815211639-00186.warc.wet.gz
[16:15:35] live backup cc2026 -> lexicore-20260914-cb17ed: VERIFIED
[16:15:42] live backup cc2026 -> lexicore-mirror-20260914-afecdd: VERIFIED
[16:15:43] live backup cc2026 -> lexicore-mirror-20260914-afecdd: VERIFIED
[16:15:48] cc2026 file: 78 798,747,543 words IN-20260815181639-20260815211639-00906.warc.wet.gz
[16:15:50] live backup cc2026 -> lexicore-20260914-cb17ed: VERIFIED
[16:15:56] live backup cc2026 -> lexicore-mirror-20260914-afecdd: VERIFIED
[16:16:01] cc2026 file: 79 809,496,640 words IN-20260815212008-20260816002008-00625.warc.wet.gz
[16:16:05] live backup cc2026 -> lexicore-20260914-cb17ed: VERIFIED
[16:16:11] live backup cc2026 -> lexicore-mirror-20260914-afecdd: VERIFIED
[16:16:12] cc2026 file: 80 819,653,057 words IN-20260816002236-20260816032236-00345.warc.wet.gz
[16:16:22] live backup cc2026 -> lexicore-20260914-cb17ed: VERIFIED
[16:16:25] live backup cc2026 -> lexicore-mirror-20260914-afecdd: VERIFIED
[16:16:25] live backup cc2026 -> lexicore-20260914-cb17ed: VERIFIED
[16:16:25] cc2026 file: 81 829,259,805 words IN-20260816032507-20260816062507-00064.warc.wet.gz
[16:16:37] cc2026 file: 82 839,331,499 words IN-20260816032507-20260816062507-00783.warc.wet.gz
[16:16:45] live backup cc2026 -> lexicore-mirror-20260914-afecdd: VERIFIED
[16:16:48] live backup cc2026 -> lexicore-mirror-20260914-afecdd: VERIFIED
[16:16:52] cc2026 file: 83 848,759,324 words IN-20260816062741-20260816092741-00503.warc.wet.gz
[16:16:54] live backup cc2026 -> lexicore-20260914-cb17ed: VERIFIED
[16:16:55] live backup cc2026 -> lexicore-20260914-cb17ed: VERIFIED
[16:17:04] cc2026 file: 84 858,502,630 words IN-20260816093115-20260816123115-00222.warc.wet.gz
[16:17:17] live backup cc2026 -> lexicore-mirror-20260914-afecdd: VERIFIED
[16:17:17] live backup cc2026 -> lexicore-20260914-cb17ed: VERIFIED
[16:17:18] live backup cc2026 -> lexicore-20260914-cb17ed: VERIFIED
[16:17:18] cc2026 file: 85 868,187,695 words IN-20260816093115-20260816123115-00942.warc.wet.gz
[16:17:32] cc2026 file: 86 878,085,849 words IN-20260816123341-20260816153341-00661.warc.wet.gz
[16:17:32] live backup cc2026 -> lexicore-mirror-20260914-afecdd: VERIFIED
[16:17:43] live backup cc2026 -> lexicore-20260914-cb17ed: VERIFIED
[16:17:44] live backup cc2026 -> lexicore-mirror-20260914-afecdd: VERIFIED
[16:17:45] cc2026 file: 87 888,243,452 words IN-20260816153610-20260816183610-00381.warc.wet.gz
[16:17:47] live backup cc2026 -> lexicore-20260914-cb17ed: VERIFIED
[16:17:58] cc2026 file: 88 898,090,823 words IN-20260816183940-20260816213940-00100.warc.wet.gz
[16:17:58] live backup cc2026 -> lexicore-20260914-cb17ed: VERIFIED
[16:18:04] live backup cc2026 -> lexicore-mirror-20260914-afecdd: VERIFIED
[16:18:10] live backup cc2026 -> lexicore-mirror-20260914-afecdd: VERIFIED
[16:18:11] cc2026 file: 89 908,380,060 words IN-20260816183940-20260816213940-00819.warc.wet.gz
[16:18:23] live backup cc2026 -> lexicore-mirror-20260914-afecdd: VERIFIED
[16:18:24] cc2026 file: 90 918,933,216 words IN-20260816214409-20260817004409-00539.warc.wet.gz
[16:18:31] live backup cc2026 -> lexicore-20260914-cb17ed: VERIFIED
[16:18:36] live backup cc2026 -> lexicore-mirror-20260914-afecdd: VERIFIED
[16:18:39] live backup cc2026 -> lexicore-20260914-cb17ed: VERIFIED
[16:18:39] cc2026 file: 91 928,922,734 words IN-20260817004738-20260817034738-00258.warc.wet.gz
[16:18:47] live backup cc2026 -> lexicore-20260914-cb17ed: VERIFIED
[16:18:53] cc2026 file: 92 938,515,422 words IN-20260817004738-20260817034738-00978.warc.wet.gz
[16:18:59] live backup cc2026 -> lexicore-mirror-20260914-afecdd: VERIFIED
[16:19:02] live backup cc2026 -> lexicore-mirror-20260914-afecdd: VERIFIED
[16:19:03] live backup cc2026 -> lexicore-20260914-cb17ed: VERIFIED
[16:19:07] cc2026 file: 93 948,523,880 words IN-20260817035111-20260817065111-00697.warc.wet.gz
[16:19:15] live backup cc2026 -> lexicore-mirror-20260914-afecdd: VERIFIED
[16:19:17] live backup cc2026 -> lexicore-20260914-cb17ed: VERIFIED
[16:19:21] cc2026 file: 94 958,223,443 words IN-20260817095816-20260817125816-00136.warc.wet.gz
[16:19:27] live backup cc2026 -> lexicore-20260914-cb17ed: VERIFIED
[16:19:35] cc2026 file: 95 968,031,435 words IN-20260817095816-20260817125816-00855.warc.wet.gz
[16:19:40] live backup cc2026 -> lexicore-20260914-cb17ed: VERIFIED
[16:19:50] cc2026 file: 96 978,417,358 words IN-20260817065350-20260817095350-00416.warc.wet.gz
[16:19:52] live backup cc2026 -> lexicore-mirror-20260914-afecdd: VERIFIED
[16:19:58] live backup cc2026 -> lexicore-20260914-cb17ed: VERIFIED
[16:19:59] live backup cc2026 -> lexicore-mirror-20260914-afecdd: VERIFIED
[16:20:04] live backup cc2026 -> lexicore-mirror-20260914-afecdd: VERIFIED
[16:20:05] cc2026 file: 97 988,321,553 words IN-20260817160715-20260817190715-00294.warc.wet.gz
[16:20:13] live backup cc2026 -> lexicore-20260914-cb17ed: VERIFIED
[16:20:20] cc2026 file: 98 998,465,401 words IN-20260817191046-20260817221046-00014.warc.wet.gz
[16:20:25] live backup cc2026 -> lexicore-20260914-cb17ed: VERIFIED
[16:20:26] live backup cc2026 -> lexicore-mirror-20260914-afecdd: VERIFIED
[16:20:34] cc2026 file: 99 1,008,605,921 words IN-20260817191046-20260817221046-00733.warc.wet.gz
[16:20:38] live backup cc2026 -> lexicore-20260914-cb17ed: VERIFIED
[16:20:46] live backup cc2026 -> lexicore-mirror-20260914-afecdd: VERIFIED
[16:20:48] live backup cc2026 -> lexicore-20260914-cb17ed: VERIFIED
[16:20:49] live backup cc2026 -> lexicore-mirror-20260914-afecdd: VERIFIED
[16:20:49] live backup cc2026 -> lexicore-mirror-20260914-afecdd: VERIFIED
[16:20:50] cc2026 file: 100 1,018,429,015 words IN-20260817221418-20260818011418-00452.warc.wet.gz
[16:21:03] cc2026 file: 101 1,028,456,875 words IN-20260817130242-20260817160242-00575.warc.wet.gz
[16:21:09] live backup cc2026 -> lexicore-20260914-cb17ed: VERIFIED
[16:21:10] live backup cc2026 -> lexicore-mirror-20260914-afecdd: VERIFIED
[16:21:13] live backup cc2026 -> lexicore-mirror-20260914-afecdd: VERIFIED
[16:21:18] cc2026 file: 102 1,037,973,428 words IN-20260813050936-20260813080936-00043.warc.wet.gz
[16:21:18] live backup cc2026 -> lexicore-20260914-cb17ed: VERIFIED
[16:21:31] cc2026 file: 103 1,047,700,077 words IN-20260818011649-20260818041649-00172.warc.wet.gz
[16:21:33] live backup cc2026 -> lexicore-mirror-20260914-afecdd: VERIFIED
[16:21:46] live backup cc2026 -> lexicore-mirror-20260914-afecdd: VERIFIED
[16:21:47] live backup cc2026 -> lexicore-20260914-cb17ed: VERIFIED
[16:21:47] cc2026 file: 104 1,057,565,915 words IN-20260818072149-20260818102149-00330.warc.wet.gz
[16:21:49] live backup cc2026 -> lexicore-20260914-cb17ed: VERIFIED
[16:22:01] cc2026 file: 105 1,067,333,539 words IN-20260818042017-20260818072017-00611.warc.wet.gz
[16:22:10] live backup cc2026 -> lexicore-20260914-cb17ed: VERIFIED
[16:22:15] live backup cc2026 -> lexicore-mirror-20260914-afecdd: VERIFIED
[16:22:16] cc2026 file: 106 1,076,685,274 words IN-20260818102432-20260818132432-00769.warc.wet.gz
[16:22:28] live backup cc2026 -> lexicore-mirror-20260914-afecdd: VERIFIED
[16:22:32] cc2026 file: 107 1,086,608,946 words IN-20260818132700-20260818162700-00488.warc.wet.gz
[16:22:35] live backup cc2026 -> lexicore-mirror-20260914-afecdd: VERIFIED
[16:22:46] cc2026 file: 108 1,096,593,107 words IN-20260818162855-20260818192855-00208.warc.wet.gz
[16:22:52] live backup cc2026 -> lexicore-20260914-cb17ed: FAILED
[16:23:01] cc2026 file: 109 1,106,029,988 words IN-20260818102432-20260818132432-00049.warc.wet.gz
[16:23:14] cc2026 file: 110 1,116,343,433 words IN-20260818193129-20260818223129-00647.warc.wet.gz
[16:23:27] cc2026 file: 111 1,126,415,994 words IN-20260818162855-20260818192855-00927.warc.wet.gz
[16:23:34] live backup cc2026 -> lexicore-20260914-cb17ed: FAILED
[16:23:40] cc2026 file: 112 1,136,668,313 words IN-20260818223410-20260819013410-00366.warc.wet.gz
[16:23:53] cc2026 file: 113 1,146,927,417 words IN-20260814114419-20260814144419-00834.warc.wet.gz
[16:24:07] cc2026 file: 114 1,156,794,511 words IN-20260811072451-20260811102451-00654.warc.wet.gz
[16:24:10] live backup cc2026 -> lexicore-20260914-cb17ed: FAILED
[16:24:20] cc2026 file: 115 1,167,417,256 words IN-20260809214541-20260810004541-00863.warc.wet.gz
[16:24:34] cc2026 file: 116 1,178,079,737 words IN-20260815060346-20260815090346-00589.warc.wet.gz
[16:24:48] cc2026 file: 117 1,188,226,664 words IN-20260818011649-20260818041649-00891.warc.wet.gz
[16:25:02] cc2026 file: 118 1,198,692,170 words IN-20260815120940-20260815150940-00028.warc.wet.gz
[16:25:14] live backup cc2026 -> lexicore-mirror-20260914-afecdd: FAILED
[16:25:16] cc2026 file: 119 1,209,234,672 words IN-20260813172703-20260813202703-00359.warc.wet.gz
[16:25:20] live backup cc2026 -> lexicore-20260914-cb17ed: FAILED
[16:25:29] cc2026 file: 120 1,218,701,662 words IN-20260813050936-20260813080936-00762.warc.wet.gz
[16:25:43] cc2026 file: 121 1,228,946,239 words IN-20260811193657-20260811223657-00251.warc.wet.gz
[16:25:52] live backup cc2026 -> lexicore-20260914-cb17ed: FAILED
[16:25:57] cc2026 file: 122 1,239,344,321 words IN-20260810130157-20260810160157-00180.warc.wet.gz
[16:26:02] live backup cc2026 -> lexicore-20260914-cb17ed: FAILED
[16:26:12] cc2026 file: 123 1,250,079,193 words IN-20260810095832-20260810125832-00460.warc.wet.gz
[16:26:13] live backup cc2026 -> lexicore-20260914-cb17ed: FAILED
[16:26:15] live backup cc2026 -> lexicore-20260914-cb17ed: FAILED
[16:26:26] cc2026 file: 124 1,259,929,539 words IN-20260807145234-20260807175234-00878.warc.wet.gz
[16:26:40] cc2026 file: 125 1,270,259,477 words IN-20260808030320-20260808060320-00475.warc.wet.gz
[16:26:55] cc2026 file: 126 1,280,764,828 words IN-20260808000048-20260808030048-00755.warc.wet.gz
[16:27:09] live backup cc2026 -> lexicore-20260914-cb17ed: FAILED
[16:27:11] cc2026 file: 127 1,290,953,444 words IN-20260808182008-20260808212008-00511.warc.wet.gz
[16:27:25] cc2026 file: 128 1,301,987,532 words IN-20260808151638-20260808181638-00072.warc.wet.gz
[16:27:39] cc2026 COMPLETE: 1,301,987,532 words, 1,549,435 docs
[run 16:27:39] stage cc2026 done in 1672.3s
